
 TRAFFIC RUN: func_235-prophet
URL: http://func-235-prophet.default.172.199.57.57.sslip.io
Replay minutes: 200
Speedup: 90x

[2025-12-10T18:16:00+00:00] Minute 1/200: 50 req
→ 50/50 ok | pods=3 | p95=129.5 ms COLD
[2025-12-10T18:16:04+00:00] Minute 2/200: 50 req
→ 50/50 ok | pods=3 | p95=130.3 ms 
[2025-12-10T18:16:07+00:00] Minute 3/200: 0 req
[2025-12-10T18:16:07+00:00] Minute 4/200: 50 req
→ 50/50 ok | pods=3 | p95=113.2 ms 
[2025-12-10T18:16:10+00:00] Minute 5/200: 50 req
→ 50/50 ok | pods=3 | p95=122.7 ms 
[2025-12-10T18:16:13+00:00] Minute 6/200: 50 req
→ 50/50 ok | pods=3 | p95=121.2 ms 
[2025-12-10T18:16:17+00:00] Minute 7/200: 2 req
→ 2/2 ok | pods=3 | p95=124.5 ms 
[2025-12-10T18:16:17+00:00] Minute 8/200: 22 req
→ 22/22 ok | pods=3 | p95=113.7 ms 
[2025-12-10T18:16:18+00:00] Minute 9/200: 50 req
→ 50/50 ok | pods=3 | p95=176.5 ms 
[2025-12-10T18:16:22+00:00] Minute 10/200: 13 req
→ 13/13 ok | pods=3 | p95=120.6 ms 
[2025-12-10T18:16:23+00:00] Minute 11/200: 0 req
[2025-12-10T18:16:23+00:00] Minute 12/200: 1 req
→ 1/1 ok | pods=3 | p95=106.4 ms 
[2025-12-10T18:16:23+00:00] Minute 13/200: 8 req
→ 8/8 ok | pods=3 | p95=121.3 ms 
[2025-12-10T18:16:24+00:00] Minute 14/200: 50 req
→ 50/50 ok | pods=3 | p95=153.9 ms 
[2025-12-10T18:16:27+00:00] Minute 15/200: 50 req
→ 50/50 ok | pods=2 | p95=139.0 ms 
[2025-12-10T18:16:31+00:00] Minute 16/200: 50 req
→ 50/50 ok | pods=2 | p95=118.1 ms 
[2025-12-10T18:16:34+00:00] Minute 17/200: 50 req
→ 50/50 ok | pods=2 | p95=207.9 ms 
[2025-12-10T18:16:38+00:00] Minute 18/200: 11 req
→ 11/11 ok | pods=2 | p95=141.0 ms 
[2025-12-10T18:16:38+00:00] Minute 19/200: 21 req
→ 21/21 ok | pods=2 | p95=117.3 ms 
[2025-12-10T18:16:40+00:00] Minute 20/200: 6 req
→ 6/6 ok | pods=2 | p95=891.2 ms 
[2025-12-10T18:16:42+00:00] Minute 21/200: 27 req
→ 27/27 ok | pods=2 | p95=129.4 ms 
[2025-12-10T18:16:43+00:00] Minute 22/200: 50 req
→ 50/50 ok | pods=2 | p95=122.6 ms 
[2025-12-10T18:16:46+00:00] Minute 23/200: 50 req
→ 50/50 ok | pods=2 | p95=115.6 ms 
[2025-12-10T18:16:49+00:00] Minute 24/200: 0 req
[2025-12-10T18:16:49+00:00] Minute 25/200: 34 req
→ 34/34 ok | pods=3 | p95=112.4 ms COLD
[2025-12-10T18:16:51+00:00] Minute 26/200: 47 req
→ 47/47 ok | pods=3 | p95=617.7 ms 
[2025-12-10T18:16:55+00:00] Minute 27/200: 24 req
→ 24/24 ok | pods=3 | p95=144.1 ms 
[2025-12-10T18:16:57+00:00] Minute 28/200: 50 req
→ 50/50 ok | pods=3 | p95=149.2 ms 
[2025-12-10T18:16:59+00:00] Minute 29/200: 50 req
→ 26/50 ok | pods=4 | p95=124.9 ms COLD
[2025-12-10T18:18:03+00:00] Minute 30/200: 50 req
→ 50/50 ok | pods=4 | p95=255.6 ms 
[2025-12-10T18:18:07+00:00] Minute 31/200: 49 req
→ 49/49 ok | pods=4 | p95=121.8 ms 
[2025-12-10T18:18:09+00:00] Minute 32/200: 50 req
→ 50/50 ok | pods=3 | p95=146.2 ms 
[2025-12-10T18:18:12+00:00] Minute 33/200: 50 req
→ 49/50 ok | pods=3 | p95=120.5 ms 
[2025-12-10T18:18:20+00:00] Minute 34/200: 0 req
[2025-12-10T18:18:20+00:00] Minute 35/200: 21 req
→ 21/21 ok | pods=3 | p95=120.0 ms 
[2025-12-10T18:18:21+00:00] Minute 36/200: 50 req
→ 50/50 ok | pods=3 | p95=132.3 ms 
[2025-12-10T18:18:24+00:00] Minute 37/200: 17 req
→ 17/17 ok | pods=3 | p95=115.9 ms 
[2025-12-10T18:18:25+00:00] Minute 38/200: 50 req
→ 50/50 ok | pods=3 | p95=122.1 ms 
[2025-12-10T18:18:29+00:00] Minute 39/200: 50 req
→ 50/50 ok | pods=3 | p95=118.2 ms 
[2025-12-10T18:18:31+00:00] Minute 40/200: 50 req
→ 48/50 ok | pods=2 | p95=137.6 ms 
[2025-12-10T18:18:40+00:00] Minute 41/200: 21 req
→ 21/21 ok | pods=2 | p95=112.7 ms 
[2025-12-10T18:18:42+00:00] Minute 42/200: 50 req
→ 50/50 ok | pods=2 | p95=126.0 ms 
[2025-12-10T18:18:44+00:00] Minute 43/200: 50 req
→ 50/50 ok | pods=2 | p95=116.2 ms 
[2025-12-10T18:18:47+00:00] Minute 44/200: 50 req
→ 50/50 ok | pods=2 | p95=117.1 ms 
[2025-12-10T18:18:50+00:00] Minute 45/200: 50 req
→ 50/50 ok | pods=2 | p95=200.4 ms 
[2025-12-10T18:18:54+00:00] Minute 46/200: 50 req
→ 50/50 ok | pods=2 | p95=115.6 ms 
[2025-12-10T18:18:57+00:00] Minute 47/200: 50 req
→ 48/50 ok | pods=2 | p95=125.3 ms 
[2025-12-10T18:19:05+00:00] Minute 48/200: 50 req
→ 28/50 ok | pods=3 | p95=2188.5 ms COLD
[2025-12-10T18:20:05+00:00] Minute 49/200: 50 req
→ 50/50 ok | pods=3 | p95=116.5 ms 
[2025-12-10T18:20:08+00:00] Minute 50/200: 50 req
→ 50/50 ok | pods=3 | p95=135.9 ms 
[2025-12-10T18:20:11+00:00] Minute 51/200: 50 req
→ 50/50 ok | pods=3 | p95=130.5 ms 
[2025-12-10T18:20:14+00:00] Minute 52/200: 50 req
→ 50/50 ok | pods=3 | p95=141.7 ms 
[2025-12-10T18:20:17+00:00] Minute 53/200: 50 req
→ 49/50 ok | pods=3 | p95=129.9 ms 
[2025-12-10T18:20:22+00:00] Minute 54/200: 50 req
→ 50/50 ok | pods=2 | p95=136.1 ms 
[2025-12-10T18:20:25+00:00] Minute 55/200: 50 req
→ 50/50 ok | pods=3 | p95=156.7 ms COLD
[2025-12-10T18:20:29+00:00] Minute 56/200: 50 req
→ 50/50 ok | pods=3 | p95=120.0 ms 
[2025-12-10T18:20:32+00:00] Minute 57/200: 50 req
→ 50/50 ok | pods=3 | p95=125.4 ms 
[2025-12-10T18:20:35+00:00] Minute 58/200: 50 req
→ 50/50 ok | pods=3 | p95=122.1 ms 
[2025-12-10T18:20:38+00:00] Minute 59/200: 50 req
→ 50/50 ok | pods=3 | p95=121.5 ms 
[2025-12-10T18:20:41+00:00] Minute 60/200: 50 req
→ 50/50 ok | pods=3 | p95=126.8 ms 
[2025-12-10T18:20:44+00:00] Minute 61/200: 50 req
→ 50/50 ok | pods=3 | p95=125.4 ms 
[2025-12-10T18:20:47+00:00] Minute 62/200: 50 req
→ 49/50 ok | pods=3 | p95=123.6 ms 
[2025-12-10T18:20:53+00:00] Minute 63/200: 50 req
→ 50/50 ok | pods=3 | p95=138.7 ms 
[2025-12-10T18:20:56+00:00] Minute 64/200: 50 req
→ 50/50 ok | pods=3 | p95=114.7 ms 
[2025-12-10T18:20:59+00:00] Minute 65/200: 50 req
→ 48/50 ok | pods=3 | p95=118.4 ms 
[2025-12-10T18:21:07+00:00] Minute 66/200: 50 req
→ 29/50 ok | pods=4 | p95=3280.0 ms COLD
[2025-12-10T18:22:10+00:00] Minute 67/200: 50 req
→ 50/50 ok | pods=4 | p95=142.0 ms 
[2025-12-10T18:22:13+00:00] Minute 68/200: 50 req
→ 50/50 ok | pods=4 | p95=120.6 ms 
[2025-12-10T18:22:17+00:00] Minute 69/200: 50 req
→ 50/50 ok | pods=4 | p95=119.1 ms 
[2025-12-10T18:22:19+00:00] Minute 70/200: 50 req
→ 50/50 ok | pods=4 | p95=130.4 ms 
[2025-12-10T18:22:23+00:00] Minute 71/200: 50 req
→ 49/50 ok | pods=3 | p95=158.1 ms 
[2025-12-10T18:22:30+00:00] Minute 72/200: 50 req
→ 50/50 ok | pods=3 | p95=160.1 ms 
[2025-12-10T18:22:33+00:00] Minute 73/200: 50 req
→ 50/50 ok | pods=3 | p95=123.3 ms 
[2025-12-10T18:22:36+00:00] Minute 74/200: 50 req
→ 50/50 ok | pods=4 | p95=130.3 ms COLD
[2025-12-10T18:22:39+00:00] Minute 75/200: 50 req
→ 50/50 ok | pods=4 | p95=135.4 ms 
[2025-12-10T18:22:42+00:00] Minute 76/200: 50 req
→ 50/50 ok | pods=4 | p95=119.2 ms 
[2025-12-10T18:22:45+00:00] Minute 77/200: 50 req
→ 50/50 ok | pods=4 | p95=120.0 ms 
[2025-12-10T18:22:48+00:00] Minute 78/200: 50 req
→ 50/50 ok | pods=4 | p95=259.9 ms 
[2025-12-10T18:22:53+00:00] Minute 79/200: 50 req
→ 50/50 ok | pods=4 | p95=147.6 ms 
[2025-12-10T18:22:56+00:00] Minute 80/200: 50 req
→ 50/50 ok | pods=4 | p95=114.0 ms 
[2025-12-10T18:22:59+00:00] Minute 81/200: 50 req
→ 50/50 ok | pods=4 | p95=125.5 ms 
[2025-12-10T18:23:02+00:00] Minute 82/200: 50 req
→ 48/50 ok | pods=4 | p95=124.4 ms 
[2025-12-10T18:23:10+00:00] Minute 83/200: 50 req
→ 45/50 ok | pods=3 | p95=115.4 ms 
[2025-12-10T18:23:26+00:00] Minute 84/200: 50 req
→ 33/50 ok | pods=2 | p95=116.8 ms 
[2025-12-10T18:24:14+00:00] Minute 85/200: 26 req
→ 26/26 ok | pods=2 | p95=429.4 ms 
[2025-12-10T18:24:16+00:00] Minute 86/200: 50 req
→ 50/50 ok | pods=2 | p95=124.4 ms 
[2025-12-10T18:24:18+00:00] Minute 87/200: 0 req
[2025-12-10T18:24:19+00:00] Minute 88/200: 50 req
→ 50/50 ok | pods=2 | p95=119.6 ms 
[2025-12-10T18:24:21+00:00] Minute 89/200: 25 req
→ 25/25 ok | pods=2 | p95=121.9 ms 
[2025-12-10T18:24:23+00:00] Minute 90/200: 50 req
→ 50/50 ok | pods=2 | p95=125.7 ms 
[2025-12-10T18:24:26+00:00] Minute 91/200: 50 req
→ 47/50 ok | pods=2 | p95=113.1 ms 
[2025-12-10T18:24:39+00:00] Minute 92/200: 1 req
→ 1/1 ok | pods=2 | p95=107.5 ms 
[2025-12-10T18:24:39+00:00] Minute 93/200: 50 req
