
 TRAFFIC RUN: func_235-prophet
URL: http://func-235-prophet.default.172.199.57.57.sslip.io
Replay minutes: 200
Speedup: 90x

[2025-12-10T15:16:14+00:00] Minute 1/200: 50 req
→ 50/50 ok | pods=1 | p95=331.6 ms COLD
[2025-12-10T15:16:21+00:00] Minute 2/200: 50 req
→ 50/50 ok | pods=1 | p95=163.6 ms 
[2025-12-10T15:16:25+00:00] Minute 3/200: 0 req
[2025-12-10T15:16:25+00:00] Minute 4/200: 50 req
→ 50/50 ok | pods=1 | p95=254.3 ms 
[2025-12-10T15:16:30+00:00] Minute 5/200: 50 req
→ 50/50 ok | pods=1 | p95=136.1 ms 
[2025-12-10T15:16:34+00:00] Minute 6/200: 50 req
→ 50/50 ok | pods=1 | p95=136.7 ms 
[2025-12-10T15:16:37+00:00] Minute 7/200: 2 req
→ 2/2 ok | pods=1 | p95=142.3 ms 
[2025-12-10T15:16:37+00:00] Minute 8/200: 22 req
→ 22/22 ok | pods=1 | p95=157.1 ms 
[2025-12-10T15:16:38+00:00] Minute 9/200: 50 req
→ 50/50 ok | pods=1 | p95=689.6 ms 
[2025-12-10T15:16:43+00:00] Minute 10/200: 13 req
→ 13/13 ok | pods=1 | p95=256.3 ms 
[2025-12-10T15:16:45+00:00] Minute 11/200: 0 req
[2025-12-10T15:16:45+00:00] Minute 12/200: 1 req
→ 1/1 ok | pods=1 | p95=118.7 ms 
[2025-12-10T15:16:45+00:00] Minute 13/200: 8 req
→ 8/8 ok | pods=1 | p95=142.6 ms 
[2025-12-10T15:16:46+00:00] Minute 14/200: 50 req
→ 50/50 ok | pods=1 | p95=200.1 ms 
[2025-12-10T15:16:50+00:00] Minute 15/200: 50 req
→ 50/50 ok | pods=1 | p95=307.5 ms 
[2025-12-10T15:16:57+00:00] Minute 16/200: 50 req
→ 50/50 ok | pods=1 | p95=156.0 ms 
[2025-12-10T15:17:01+00:00] Minute 17/200: 50 req
→ 50/50 ok | pods=1 | p95=487.8 ms 
[2025-12-10T15:17:07+00:00] Minute 18/200: 11 req
→ 11/11 ok | pods=1 | p95=144.6 ms 
[2025-12-10T15:17:08+00:00] Minute 19/200: 21 req
→ 21/21 ok | pods=1 | p95=162.3 ms 
[2025-12-10T15:17:10+00:00] Minute 20/200: 6 req
→ 6/6 ok | pods=1 | p95=141.5 ms 
[2025-12-10T15:17:10+00:00] Minute 21/200: 27 req
→ 27/27 ok | pods=1 | p95=221.5 ms 
[2025-12-10T15:17:13+00:00] Minute 22/200: 50 req
→ 50/50 ok | pods=1 | p95=400.4 ms 
[2025-12-10T15:17:17+00:00] Minute 23/200: 50 req
→ 50/50 ok | pods=1 | p95=162.5 ms 
[2025-12-10T15:17:21+00:00] Minute 24/200: 0 req
[2025-12-10T15:17:21+00:00] Minute 25/200: 34 req
→ 34/34 ok | pods=1 | p95=145.5 ms 
[2025-12-10T15:17:23+00:00] Minute 26/200: 47 req
→ 47/47 ok | pods=1 | p95=256.1 ms 
[2025-12-10T15:17:28+00:00] Minute 27/200: 24 req
→ 24/24 ok | pods=1 | p95=176.1 ms 
[2025-12-10T15:17:30+00:00] Minute 28/200: 50 req
→ 50/50 ok | pods=1 | p95=193.7 ms 
[2025-12-10T15:17:35+00:00] Minute 29/200: 50 req
→ 50/50 ok | pods=1 | p95=602.0 ms 
[2025-12-10T15:17:40+00:00] Minute 30/200: 50 req
→ 38/50 ok | pods=2 | p95=1499.7 ms COLD
[2025-12-10T15:18:18+00:00] Minute 31/200: 49 req
→ 48/49 ok | pods=3 | p95=345.0 ms COLD
[2025-12-10T15:18:27+00:00] Minute 32/200: 50 req
→ 50/50 ok | pods=3 | p95=226.1 ms 
[2025-12-10T15:18:32+00:00] Minute 33/200: 50 req
→ 50/50 ok | pods=3 | p95=193.0 ms 
[2025-12-10T15:18:35+00:00] Minute 34/200: 0 req
[2025-12-10T15:18:36+00:00] Minute 35/200: 21 req
→ 21/21 ok | pods=3 | p95=337.6 ms 
[2025-12-10T15:18:37+00:00] Minute 36/200: 50 req
→ 50/50 ok | pods=3 | p95=139.8 ms 
[2025-12-10T15:18:41+00:00] Minute 37/200: 17 req
→ 17/17 ok | pods=3 | p95=139.3 ms 
[2025-12-10T15:18:42+00:00] Minute 38/200: 50 req
→ 50/50 ok | pods=3 | p95=166.5 ms 
[2025-12-10T15:18:45+00:00] Minute 39/200: 50 req
→ 50/50 ok | pods=3 | p95=157.4 ms 
[2025-12-10T15:18:49+00:00] Minute 40/200: 50 req
→ 50/50 ok | pods=3 | p95=236.3 ms 
[2025-12-10T15:18:54+00:00] Minute 41/200: 21 req
→ 21/21 ok | pods=3 | p95=129.3 ms 
[2025-12-10T15:18:55+00:00] Minute 42/200: 50 req
→ 46/50 ok | pods=3 | p95=228.5 ms 
[2025-12-10T15:19:09+00:00] Minute 43/200: 50 req
→ 50/50 ok | pods=4 | p95=217.2 ms COLD
[2025-12-10T15:19:13+00:00] Minute 44/200: 50 req
→ 50/50 ok | pods=4 | p95=407.0 ms 
[2025-12-10T15:19:18+00:00] Minute 45/200: 50 req
→ 50/50 ok | pods=3 | p95=232.7 ms 
[2025-12-10T15:19:21+00:00] Minute 46/200: 50 req
